// Jest Snapshot v1, https://goo.gl/fbAQLP

exports[`Counter Component matches snapshot 1`] = `
<div>
  <div>
    <h2>
      0
    </h2>
    <button>
      +
    </button>
    <button>
      -
    </button>
  </div>
</div>
`;
